This is pdfTeX, Version 3.141592653-2.6-1.40.25 (MiKTeX 24.1) (preloaded format=pdflatex 2024.2.25)  4 JUN 2026 17:01
entering extended mode
 restricted \write18 enabled.
 file:line:error style messages enabled.
 %&-line parsing enabled.
**"c:/Users/Quang Huy Nugyen/Downloads/Rapport_de_Stage_CRAN_Viet/main.tex"
(c:/Users/Quang Huy Nugyen/Downloads/Rapport_de_Stage_CRAN_Viet/main.tex
LaTeX2e <2023-11-01> patch level 1
L3 programming layer <2024-02-13>
(name.cls (C:\Users\Quang Huy Nugyen\AppData\Local\Programs\MiKTeX\tex/latex/base\article.cls
Document Class: article 2023/05/17 v1.4n Standard LaTeX document class
(C:\Users\Quang Huy Nugyen\AppData\Local\Programs\MiKTeX\tex/latex/base\size12.clo
File: size12.clo 2023/05/17 v1.4n Standard LaTeX file (size option)
)
\c@part=\count188
\c@section=\count189
\c@subsection=\count190
\c@subsubsection=\count191
\c@paragraph=\count192
\c@subparagraph=\count193
\c@figure=\count194
\c@table=\count195
\abovecaptionskip=\skip48
\belowcaptionskip=\skip49
\bibindent=\dimen140
) (C:\Users\Quang Huy Nugyen\AppData\Local\Programs\MiKTeX\tex/generic/babel\babel.sty
Package: babel 2024/02/07 v24.2 The Babel package
\babel@savecnt=\count196
\U@D=\dimen141
\l@unhyphenated=\language79
 (C:\Users\Quang Huy Nugyen\AppData\Local\Programs\MiKTeX\tex/generic/babel\txtbabel.def)
\bbl@readstream=\read2
\bbl@dirlevel=\count197

*************************************
* Local config file bblopts.cfg used
*
(C:\Users\Quang Huy Nugyen\AppData\Local\Programs\MiKTeX\tex/latex/arabi\bblopts.cfg
File: bblopts.cfg 2005/09/08 v0.1 add Arabic and Farsi to "declared" options of babel
) (C:\Users\Quang Huy Nugyen\AppData\Local\Programs\MiKTeX\tex/generic/babel-french\french.ldf
Language: french 2025-08-15 v4.0e French support from the babel system
 (C:\Users\Quang Huy Nugyen\AppData\Local\Programs\MiKTeX\tex/generic/babel-french\french3.ldf
Language: french 2025-08-15 v3.7e French support from the babel system
\FB@stdchar=\count198
Package babel Info: Making : an active character on input line 273.
Package babel Info: Making ; an active character on input line 274.
Package babel Info: Making ! an active character on input line 275.
Package babel Info: Making ? an active character on input line 276.
\FBguill@level=\count199
\FBold@everypar=\toks17
\FB@Mht=\dimen142
\mc@charclass=\count266
\mc@charfam=\count267
\mc@charslot=\count268
\std@mcc=\count269
\dec@mcc=\count270
\FB@pardim=\dimen143
\listindentFB=\dimen144
\descindentFB=\dimen145
\labelindentFB=\dimen146
\labelwidthFB=\dimen147
\leftmarginFB=\dimen148
\parindentFFN=\dimen149
\FBfnindent=\dimen150
))) (C:\Users\Quang Huy Nugyen\AppData\Local\Programs\MiKTeX\tex/generic/babel/locale/fr\babel-french.tex
Package babel Info: Importing font and identification data for french
(babel)             from babel-fr.ini. Reported on input line 11.
) (C:\Users\Quang Huy Nugyen\AppData\Local\Programs\MiKTeX\tex/latex/carlisle\scalefnt.sty) (C:\Users\Quang Huy Nugyen\AppData\Local\Programs\MiKTeX\tex/latex/base\inputenc.sty
Package: inputenc 2021/02/14 v1.3d Input encoding file
\inpenc@prehook=\toks18
\inpenc@posthook=\toks19
) (C:\Users\Quang Huy Nugyen\AppData\Local\Programs\MiKTeX\tex/latex/placeins\placeins.sty
Package: placeins 2005/04/18  v 2.2
) (C:\Users\Quang Huy Nugyen\AppData\Local\Programs\MiKTeX\tex/latex/base\fontenc.sty
Package: fontenc 2021/04/29 v2.0v Standard LaTeX package
) (C:\Users\Quang Huy Nugyen\AppData\Local\Programs\MiKTeX\tex/latex/lm\lmodern.sty
Package: lmodern 2015/05/01 v1.6.1 Latin Modern Fonts
LaTeX Font Info:    Overwriting symbol font `operators' in version `normal'
(Font)                  OT1/cmr/m/n --> OT1/lmr/m/n on input line 22.
LaTeX Font Info:    Overwriting symbol font `letters' in version `normal'
(Font)                  OML/cmm/m/it --> OML/lmm/m/it on input line 23.
LaTeX Font Info:    Overwriting symbol font `symbols' in version `normal'
(Font)                  OMS/cmsy/m/n --> OMS/lmsy/m/n on input line 24.
LaTeX Font Info:    Overwriting symbol font `largesymbols' in version `normal'
(Font)                  OMX/cmex/m/n --> OMX/lmex/m/n on input line 25.
LaTeX Font Info:    Overwriting symbol font `operators' in version `bold'
(Font)                  OT1/cmr/bx/n --> OT1/lmr/bx/n on input line 26.
LaTeX Font Info:    Overwriting symbol font `letters' in version `bold'
(Font)                  OML/cmm/b/it --> OML/lmm/b/it on input line 27.
LaTeX Font Info:    Overwriting symbol font `symbols' in version `bold'
(Font)                  OMS/cmsy/b/n --> OMS/lmsy/b/n on input line 28.
LaTeX Font Info:    Overwriting symbol font `largesymbols' in version `bold'
(Font)                  OMX/cmex/m/n --> OMX/lmex/m/n on input line 29.
LaTeX Font Info:    Overwriting math alphabet `\mathbf' in version `normal'
(Font)                  OT1/cmr/bx/n --> OT1/lmr/bx/n on input line 31.
LaTeX Font Info:    Overwriting math alphabet `\mathsf' in version `normal'
(Font)                  OT1/cmss/m/n --> OT1/lmss/m/n on input line 32.
LaTeX Font Info:    Overwriting math alphabet `\mathit' in version `normal'
(Font)                  OT1/cmr/m/it --> OT1/lmr/m/it on input line 33.
LaTeX Font Info:    Overwriting math alphabet `\mathtt' in version `normal'
(Font)                  OT1/cmtt/m/n --> OT1/lmtt/m/n on input line 34.
LaTeX Font Info:    Overwriting math alphabet `\mathbf' in version `bold'
(Font)                  OT1/cmr/bx/n --> OT1/lmr/bx/n on input line 35.
LaTeX Font Info:    Overwriting math alphabet `\mathsf' in version `bold'
(Font)                  OT1/cmss/bx/n --> OT1/lmss/bx/n on input line 36.
LaTeX Font Info:    Overwriting math alphabet `\mathit' in version `bold'
(Font)                  OT1/cmr/bx/it --> OT1/lmr/bx/it on input line 37.
LaTeX Font Info:    Overwriting math alphabet `\mathtt' in version `bold'
(Font)                  OT1/cmtt/m/n --> OT1/lmtt/m/n on input line 38.
) (C:\Users\Quang Huy Nugyen\AppData\Local\Programs\MiKTeX\tex/latex/mathtools\mathtools.sty
Package: mathtools 2022/06/29 v1.29 mathematical typesetting tools
 (C:\Users\Quang Huy Nugyen\AppData\Local\Programs\MiKTeX\tex/latex/graphics\keyval.sty
Package: keyval 2022/05/29 v1.15 key=value parser (DPC)
\KV@toks@=\toks20
) (C:\Users\Quang Huy Nugyen\AppData\Local\Programs\MiKTeX\tex/latex/tools\calc.sty
Package: calc 2023/07/08 v4.3 Infix arithmetic (KKT,FJ)
\calc@Acount=\count271
\calc@Bcount=\count272
\calc@Adimen=\dimen151
\calc@Bdimen=\dimen152
\calc@Askip=\skip50
\calc@Bskip=\skip51
LaTeX Info: Redefining \setlength on input line 80.
LaTeX Info: Redefining \addtolength on input line 81.
\calc@Ccount=\count273
\calc@Cskip=\skip52
) (C:\Users\Quang Huy Nugyen\AppData\Local\Programs\MiKTeX\tex/latex/mathtools\mhsetup.sty
Package: mhsetup 2021/03/18 v1.4 programming setup (MH)
) (C:\Users\Quang Huy Nugyen\AppData\Local\Programs\MiKTeX\tex/latex/amsmath\amsmath.sty
Package: amsmath 2023/05/13 v2.17o AMS math features
\@mathmargin=\skip53

For additional information on amsmath, use the `?' option.
(C:\Users\Quang Huy Nugyen\AppData\Local\Programs\MiKTeX\tex/latex/amsmath\amstext.sty
Package: amstext 2021/08/26 v2.01 AMS text
 (C:\Users\Quang Huy Nugyen\AppData\Local\Programs\MiKTeX\tex/latex/amsmath\amsgen.sty
File: amsgen.sty 1999/11/30 v2.0 generic functions
\@emptytoks=\toks21
\ex@=\dimen153
)) (C:\Users\Quang Huy Nugyen\AppData\Local\Programs\MiKTeX\tex/latex/amsmath\amsbsy.sty
Package: amsbsy 1999/11/29 v1.2d Bold Symbols
\pmbraise@=\dimen154
) (C:\Users\Quang Huy Nugyen\AppData\Local\Programs\MiKTeX\tex/latex/amsmath\amsopn.sty
Package: amsopn 2022/04/08 v2.04 operator names
)
\inf@bad=\count274
LaTeX Info: Redefining \frac on input line 234.
\uproot@=\count275
\leftroot@=\count276
LaTeX Info: Redefining \overline on input line 399.
LaTeX Info: Redefining \colon on input line 410.
\classnum@=\count277
\DOTSCASE@=\count278
LaTeX Info: Redefining \ldots on input line 496.
LaTeX Info: Redefining \dots on input line 499.
LaTeX Info: Redefining \cdots on input line 620.
\Mathstrutbox@=\box51
\strutbox@=\box52
LaTeX Info: Redefining \big on input line 722.
LaTeX Info: Redefining \Big on input line 723.
LaTeX Info: Redefining \bigg on input line 724.
LaTeX Info: Redefining \Bigg on input line 725.
\big@size=\dimen155
LaTeX Font Info:    Redeclaring font encoding OML on input line 743.
LaTeX Font Info:    Redeclaring font encoding OMS on input line 744.
\macc@depth=\count279
LaTeX Info: Redefining \bmod on input line 905.
LaTeX Info: Redefining \pmod on input line 910.
LaTeX Info: Redefining \smash on input line 940.
LaTeX Info: Redefining \relbar on input line 970.
LaTeX Info: Redefining \Relbar on input line 971.
\c@MaxMatrixCols=\count280
\dotsspace@=\muskip16
\c@parentequation=\count281
\dspbrk@lvl=\count282
\tag@help=\toks22
\row@=\count283
\column@=\count284
\maxfields@=\count285
\andhelp@=\toks23
\eqnshift@=\dimen156
\alignsep@=\dimen157
\tagshift@=\dimen158
\tagwidth@=\dimen159
\totwidth@=\dimen160
\lineht@=\dimen161
\@envbody=\toks24
\multlinegap=\skip54
\multlinetaggap=\skip55
\mathdisplay@stack=\toks25
LaTeX Info: Redefining \[ on input line 2953.
LaTeX Info: Redefining \] on input line 2954.
)
\g_MT_multlinerow_int=\count286
\l_MT_multwidth_dim=\dimen162
\origjot=\skip56
\l_MT_shortvdotswithinadjustabove_dim=\dimen163
\l_MT_shortvdotswithinadjustbelow_dim=\dimen164
\l_MT_above_intertext_sep=\dimen165
\l_MT_below_intertext_sep=\dimen166
\l_MT_above_shortintertext_sep=\dimen167
\l_MT_below_shortintertext_sep=\dimen168
\xmathstrut@box=\box53
\xmathstrut@dim=\dimen169
) (C:\Users\Quang Huy Nugyen\AppData\Local\Programs\MiKTeX\tex/latex/siunitx\siunitx.sty
Package: siunitx 2025-07-09 v3.4.14 A comprehensive (SI) units package
\l__siunitx_number_uncert_offset_int=\count287
\l__siunitx_number_exponent_fixed_int=\count288
\l__siunitx_number_min_decimal_int=\count289
\l__siunitx_number_min_integer_int=\count290
\l__siunitx_number_round_precision_int=\count291
\l__siunitx_number_lower_threshold_int=\count292
\l__siunitx_number_upper_threshold_int=\count293
\l__siunitx_number_group_first_int=\count294
\l__siunitx_number_group_size_int=\count295
\l__siunitx_number_group_minimum_int=\count296
\l__siunitx_angle_tmp_dim=\dimen170
\l__siunitx_angle_marker_box=\box54
\l__siunitx_angle_unit_box=\box55
\l__siunitx_compound_count_int=\count297
 (C:\Users\Quang Huy Nugyen\AppData\Local\Programs\MiKTeX\tex/latex/translations\translations.sty
Package: translations 2022/02/05 v1.12 internationalization of LaTeX2e packages (CN)
 (C:\Users\Quang Huy Nugyen\AppData\Local\Programs\MiKTeX\tex/latex/etoolbox\etoolbox.sty
Package: etoolbox 2020/10/05 v2.5k e-TeX tools for LaTeX (JAW)
\etb@tempcnta=\count298
) (C:\Users\Quang Huy Nugyen\AppData\Local\Programs\MiKTeX\tex/generic/pdftexcmds\pdftexcmds.sty
Package: pdftexcmds 2020-06-27 v0.33 Utility functions of pdfTeX for LuaTeX (HO)
 (C:\Users\Quang Huy Nugyen\AppData\Local\Programs\MiKTeX\tex/generic/infwarerr\infwarerr.sty
Package: infwarerr 2019/12/03 v1.5 Providing info/warning/error messages (HO)
) (C:\Users\Quang Huy Nugyen\AppData\Local\Programs\MiKTeX\tex/generic/iftex\iftex.sty
Package: iftex 2022/02/03 v1.0f TeX engine tests
) (C:\Users\Quang Huy Nugyen\AppData\Local\Programs\MiKTeX\tex/generic/ltxcmds\ltxcmds.sty
Package: ltxcmds 2023-12-04 v1.26 LaTeX kernel commands for general use (HO)
)
Package pdftexcmds Info: \pdf@primitive is available.
Package pdftexcmds Info: \pdf@ifprimitive is available.
Package pdftexcmds Info: \pdfdraftmode found.
))
\l__siunitx_table_tmp_box=\box56
\l__siunitx_table_tmp_dim=\dimen171
\l__siunitx_table_column_width_dim=\dimen172
\l__siunitx_table_integer_box=\box57
\l__siunitx_table_decimal_box=\box58
\l__siunitx_table_uncert_box=\box59
\l__siunitx_table_before_box=\box60
\l__siunitx_table_after_box=\box61
\l__siunitx_table_before_dim=\dimen173
\l__siunitx_table_carry_dim=\dimen174
\l__siunitx_unit_tmp_int=\count299
\l__siunitx_unit_position_int=\count300
\l__siunitx_unit_total_int=\count301
 (C:\Users\Quang Huy Nugyen\AppData\Local\Programs\MiKTeX\tex/latex/tools\array.sty
Package: array 2023/10/16 v2.5g Tabular extension package (FMi)
\col@sep=\dimen175
\ar@mcellbox=\box62
\extrarowheight=\dimen176
\NC@list=\toks26
\extratabsurround=\skip57
\backup@length=\skip58
\ar@cellbox=\box63
)) (C:\Users\Quang Huy Nugyen\AppData\Local\Programs\MiKTeX\tex/latex/float\float.sty
Package: float 2001/11/08 v1.3d Float enhancements (AL)
\c@float@type=\count302
\float@exts=\toks27
\float@box=\box64
\@float@everytoks=\toks28
\@floatcapt=\box65
) (C:\Users\Quang Huy Nugyen\AppData\Local\Programs\MiKTeX\tex/latex/graphics\graphicx.sty
Package: graphicx 2021/09/16 v1.2d Enhanced LaTeX Graphics (DPC,SPQR)
 (C:\Users\Quang Huy Nugyen\AppData\Local\Programs\MiKTeX\tex/latex/graphics\graphics.sty
Package: graphics 2022/03/10 v1.4e Standard LaTeX Graphics (DPC,SPQR)
 (C:\Users\Quang Huy Nugyen\AppData\Local\Programs\MiKTeX\tex/latex/graphics\trig.sty
Package: trig 2021/08/11 v1.11 sin cos tan (DPC)
) (C:\Users\Quang Huy Nugyen\AppData\Local\Programs\MiKTeX\tex/latex/graphics-cfg\graphics.cfg
File: graphics.cfg 2016/06/04 v1.11 sample graphics configuration
)
Package graphics Info: Driver file: pdftex.def on input line 107.
 (C:\Users\Quang Huy Nugyen\AppData\Local\Programs\MiKTeX\tex/latex/graphics-def\pdftex.def
File: pdftex.def 2022/09/22 v1.2b Graphics/color driver for pdftex
))
\Gin@req@height=\dimen177
\Gin@req@width=\dimen178
) (C:\Users\Quang Huy Nugyen\AppData\Local\Programs\MiKTeX\tex/latex/caption\caption.sty
Package: caption 2023/08/05 v3.6o Customizing captions (AR)
 (C:\Users\Quang Huy Nugyen\AppData\Local\Programs\MiKTeX\tex/latex/caption\caption3.sty
Package: caption3 2023/07/31 v2.4d caption3 kernel (AR)
\caption@tempdima=\dimen179
\captionmargin=\dimen180
\caption@leftmargin=\dimen181
\caption@rightmargin=\dimen182
\caption@width=\dimen183
\caption@indent=\dimen184
\caption@parindent=\dimen185
\caption@hangindent=\dimen186
Package caption Info: Standard document class detected.
Package caption Info: french babel package is loaded.
)
\c@caption@flags=\count303
\c@continuedfloat=\count304
Package caption Info: float package is loaded.
) (C:\Users\Quang Huy Nugyen\AppData\Local\Programs\MiKTeX\tex/latex/caption\subcaption.sty
Package: subcaption 2023/07/28 v1.6b Sub-captions (AR)
Package caption Info: New subtype `subfigure' on input line 238.
\c@subfigure=\count305
Package caption Info: New subtype `subtable' on input line 238.
\c@subtable=\count306
) (C:\Users\Quang Huy Nugyen\AppData\Local\Programs\MiKTeX\tex/latex/wallpaper\wallpaper.sty
Package: wallpaper 2005/01/18, v1.01 easy wallpaper formatting (MHFW)
 (C:\Users\Quang Huy Nugyen\AppData\Local\Programs\MiKTeX\tex/latex/base\ifthen.sty
Package: ifthen 2022/04/13 v1.1d Standard LaTeX ifthen package (DPC)
) (C:\Users\Quang Huy Nugyen\AppData\Local\Programs\MiKTeX\tex/latex/eso-pic\eso-pic.sty
Package: eso-pic 2025/12/10 v3.0d eso-pic (RN)
\ESO@tempdima=\dimen187
\ESO@tempdimb=\dimen188
 (C:\Users\Quang Huy Nugyen\AppData\Local\Programs\MiKTeX\tex/latex/xcolor\xcolor.sty
Package: xcolor 2023/11/15 v3.01 LaTeX color extensions (UK)
 (C:\Users\Quang Huy Nugyen\AppData\Local\Programs\MiKTeX\tex/latex/graphics-cfg\color.cfg
File: color.cfg 2016/01/02 v1.6 sample color configuration
)
Package xcolor Info: Driver file: pdftex.def on input line 274.
 (C:\Users\Quang Huy Nugyen\AppData\Local\Programs\MiKTeX\tex/latex/graphics\mathcolor.ltx)
Package xcolor Info: Model `cmy' substituted by `cmy0' on input line 1350.
Package xcolor Info: Model `hsb' substituted by `rgb' on input line 1354.
Package xcolor Info: Model `RGB' extended on input line 1366.
Package xcolor Info: Model `HTML' substituted by `rgb' on input line 1368.
Package xcolor Info: Model `Hsb' substituted by `hsb' on input line 1369.
Package xcolor Info: Model `tHsb' substituted by `hsb' on input line 1370.
Package xcolor Info: Model `HSB' substituted by `hsb' on input line 1371.
Package xcolor Info: Model `Gray' substituted by `gray' on input line 1372.
Package xcolor Info: Model `wave' substituted by `hsb' on input line 1373.
))
\wpXoffset=\skip59
\wpYoffset=\skip60
\tileXoffset=\skip61
\tileYoffset=\skip62
\tilewidth=\skip63
\tileheight=\skip64
\tileX=\skip65
\tileY=\skip66
) (C:\Users\Quang Huy Nugyen\AppData\Local\Programs\MiKTeX\tex/latex/nomencl\nomencl.sty
Package: nomencl 2021/11/10 v5.6 Nomenclature package
 (C:\Users\Quang Huy Nugyen\AppData\Local\Programs\MiKTeX\tex/latex/xkeyval\xkeyval.sty
Package: xkeyval 2022/06/16 v2.9 package option processing (HA)
 (C:\Users\Quang Huy Nugyen\AppData\Local\Programs\MiKTeX\tex/generic/xkeyval\xkeyval.tex (C:\Users\Quang Huy Nugyen\AppData\Local\Programs\MiKTeX\tex/generic/xkeyval\xkvutils.tex
\XKV@toks=\toks29
\XKV@tempa@toks=\toks30
)
\XKV@depth=\count307
File: xkeyval.tex 2014/12/03 v2.7a key=value parser (HA)
)) (C:\Users\Quang Huy Nugyen\AppData\Local\Programs\MiKTeX\tex/latex/koma-script\tocbasic.sty
Package: tocbasic 2025/12/01 v3.49 KOMA-Script package (handling toc-files)
 (C:\Users\Quang Huy Nugyen\AppData\Local\Programs\MiKTeX\tex/latex/koma-script\scrbase.sty
Package: scrbase 2025/12/01 v3.49 KOMA-Script package (KOMA-Script-independent basics and keyval usage)
 (C:\Users\Quang Huy Nugyen\AppData\Local\Programs\MiKTeX\tex/latex/koma-script\scrlfile.sty
Package: scrlfile 2025/12/01 v3.49 KOMA-Script package (file load hooks)
 (C:\Users\Quang Huy Nugyen\AppData\Local\Programs\MiKTeX\tex/latex/koma-script\scrlfile-hook.sty
Package: scrlfile-hook 2025/12/01 v3.49 KOMA-Script package (using LaTeX hooks)
 (C:\Users\Quang Huy Nugyen\AppData\Local\Programs\MiKTeX\tex/latex/koma-script\scrlogo.sty
Package: scrlogo 2025/12/01 v3.49 KOMA-Script package (logo)
)))
Applying: [2021/05/01] Usage of raw or classic option list on input line 254.
Already applied: [0000/00/00] Usage of raw or classic option list on input line 370.
)

C:\Users\Quang Huy Nugyen\AppData\Local\Programs\MiKTeX\tex/latex/koma-script\tocbasic.sty:1377: LaTeX Error: Unknown message 'caption-code-by-class-deactivated' for module
(LaTeX)        'tocbasic'.

For immediate help type H <return>.
 ...                                              
                                                  
l.1377   }
          

This is a coding error.

LaTeX was asked to display a message called
'caption-code-by-class-deactivated'
by the module 'tocbasic': this message does not exist.

Try typing <return> to proceed.
If that doesn't work, type X <return> to quit.


\scr@dte@tocline@numberwidth=\skip67
\scr@dte@tocline@numbox=\box66
)
Package tocbasic Info: setting babel extension for `nlo' on input line 187.
Package tocbasic Info: setting babel extension for `nls' on input line 188.
\nomlabelwidth=\dimen189
\nom@tempdim=\dimen190
\nomitemsep=\skip68
) (C:\Users\Quang Huy Nugyen\AppData\Local\Programs\MiKTeX\tex/latex/fancyhdr\fancyhdr.sty
Package: fancyhdr 2022/11/09 v4.1 Extensive control of page headers and footers
\f@nch@headwidth=\skip69
\f@nch@O@elh=\skip70
\f@nch@O@erh=\skip71
\f@nch@O@olh=\skip72
\f@nch@O@orh=\skip73
\f@nch@O@elf=\skip74
\f@nch@O@erf=\skip75
\f@nch@O@olf=\skip76
\f@nch@O@orf=\skip77
) (C:\Users\Quang Huy Nugyen\AppData\Local\Programs\MiKTeX\tex/latex/url\url.sty
\Urlmuskip=\muskip17
Package: url 2013/09/16  ver 3.4  Verb mode for urls, etc.
) (C:\Users\Quang Huy Nugyen\AppData\Local\Programs\MiKTeX\tex/latex/hyperref\hyperref.sty
Package: hyperref 2024-01-20 v7.01h Hypertext links for LaTeX
 (C:\Users\Quang Huy Nugyen\AppData\Local\Programs\MiKTeX\tex/latex/kvsetkeys\kvsetkeys.sty
Package: kvsetkeys 2022-10-05 v1.19 Key value parser (HO)
) (C:\Users\Quang Huy Nugyen\AppData\Local\Programs\MiKTeX\tex/generic/kvdefinekeys\kvdefinekeys.sty
Package: kvdefinekeys 2019-12-19 v1.6 Define keys (HO)
) (C:\Users\Quang Huy Nugyen\AppData\Local\Programs\MiKTeX\tex/generic/pdfescape\pdfescape.sty
Package: pdfescape 2019/12/09 v1.15 Implements pdfTeX's escape features (HO)
) (C:\Users\Quang Huy Nugyen\AppData\Local\Programs\MiKTeX\tex/latex/hycolor\hycolor.sty
Package: hycolor 2020-01-27 v1.10 Color options for hyperref/bookmark (HO)
) (C:\Users\Quang Huy Nugyen\AppData\Local\Programs\MiKTeX\tex/latex/auxhook\auxhook.sty
Package: auxhook 2019-12-17 v1.6 Hooks for auxiliary files (HO)
) (C:\Users\Quang Huy Nugyen\AppData\Local\Programs\MiKTeX\tex/latex/hyperref\nameref.sty
Package: nameref 2023-11-26 v2.56 Cross-referencing by name of section
 (C:\Users\Quang Huy Nugyen\AppData\Local\Programs\MiKTeX\tex/latex/refcount\refcount.sty
Package: refcount 2019/12/15 v3.6 Data extraction from label references (HO)
) (C:\Users\Quang Huy Nugyen\AppData\Local\Programs\MiKTeX\tex/generic/gettitlestring\gettitlestring.sty
Package: gettitlestring 2019/12/15 v1.6 Cleanup title references (HO)
 (C:\Users\Quang Huy Nugyen\AppData\Local\Programs\MiKTeX\tex/latex/kvoptions\kvoptions.sty
Package: kvoptions 2022-06-15 v3.15 Key value format for package options (HO)
))
\c@section@level=\count308
)
\@linkdim=\dimen191
\Hy@linkcounter=\count309
\Hy@pagecounter=\count310
 (C:\Users\Quang Huy Nugyen\AppData\Local\Programs\MiKTeX\tex/latex/hyperref\pd1enc.def
File: pd1enc.def 2024-01-20 v7.01h Hyperref: PDFDocEncoding definition (HO)
Now handling font encoding PD1 ...
... no UTF-8 mapping file for font encoding PD1
) (C:\Users\Quang Huy Nugyen\AppData\Local\Programs\MiKTeX\tex/generic/intcalc\intcalc.sty
Package: intcalc 2019/12/15 v1.3 Expandable calculations with integers (HO)
)
\Hy@SavedSpaceFactor=\count311
 (C:\Users\Quang Huy Nugyen\AppData\Local\Programs\MiKTeX\tex/latex/hyperref\puenc.def
File: puenc.def 2024-01-20 v7.01h Hyperref: PDF Unicode definition (HO)
Now handling font encoding PU ...
... no UTF-8 mapping file for font encoding PU
)
Package hyperref Info: Hyper figures OFF on input line 4179.
Package hyperref Info: Link nesting OFF on input line 4184.
Package hyperref Info: Hyper index ON on input line 4187.
Package hyperref Info: Plain pages OFF on input line 4194.
Package hyperref Info: Backreferencing OFF on input line 4199.
Package hyperref Info: Implicit mode ON; LaTeX internals redefined.
Package hyperref Info: Bookmarks ON on input line 4446.
\c@Hy@tempcnt=\count312
LaTeX Info: Redefining \url on input line 4784.
\XeTeXLinkMargin=\dimen192
 (C:\Users\Quang Huy Nugyen\AppData\Local\Programs\MiKTeX\tex/generic/bitset\bitset.sty
Package: bitset 2019/12/09 v1.3 Handle bit-vector datatype (HO)
 (C:\Users\Quang Huy Nugyen\AppData\Local\Programs\MiKTeX\tex/generic/bigintcalc\bigintcalc.sty
Package: bigintcalc 2019/12/15 v1.5 Expandable calculations on big integers (HO)
))
\Fld@menulength=\count313
\Field@Width=\dimen193
\Fld@charsize=\dimen194
Package hyperref Info: Hyper figures OFF on input line 6063.
Package hyperref Info: Link nesting OFF on input line 6068.
Package hyperref Info: Hyper index ON on input line 6071.
Package hyperref Info: backreferencing OFF on input line 6078.
Package hyperref Info: Link coloring OFF on input line 6083.
Package hyperref Info: Link coloring with OCG OFF on input line 6088.
Package hyperref Info: PDF/A mode OFF on input line 6093.
 (C:\Users\Quang Huy Nugyen\AppData\Local\Programs\MiKTeX\tex/latex/base\atbegshi-ltx.sty
Package: atbegshi-ltx 2021/01/10 v1.0c Emulation of the original atbegshi
package with kernel methods
)
\Hy@abspage=\count314
\c@Item=\count315
\c@Hfootnote=\count316
)
Package hyperref Info: Driver (autodetected): hpdftex.
 (C:\Users\Quang Huy Nugyen\AppData\Local\Programs\MiKTeX\tex/latex/hyperref\hpdftex.def
File: hpdftex.def 2024-01-20 v7.01h Hyperref driver for pdfTeX
 (C:\Users\Quang Huy Nugyen\AppData\Local\Programs\MiKTeX\tex/latex/base\atveryend-ltx.sty
Package: atveryend-ltx 2020/08/19 v1.0a Emulation of the original atveryend package
with kernel methods
)
\Fld@listcount=\count317
\c@bookmark@seq@number=\count318
 (C:\Users\Quang Huy Nugyen\AppData\Local\Programs\MiKTeX\tex/latex/rerunfilecheck\rerunfilecheck.sty
Package: rerunfilecheck 2022-07-10 v1.10 Rerun checks for auxiliary files (HO)
 (C:\Users\Quang Huy Nugyen\AppData\Local\Programs\MiKTeX\tex/generic/uniquecounter\uniquecounter.sty
Package: uniquecounter 2019/12/15 v1.4 Provide unlimited unique counter (HO)
)
Package uniquecounter Info: New unique counter `rerunfilecheck' on input line 285.
)
\Hy@SectionHShift=\skip78
) (C:\Users\Quang Huy Nugyen\AppData\Local\Programs\MiKTeX\tex/latex/geometry\geometry.sty
Package: geometry 2020/01/02 v5.9 Page Geometry
 (C:\Users\Quang Huy Nugyen\AppData\Local\Programs\MiKTeX\tex/generic/iftex\ifvtex.sty
Package: ifvtex 2019/10/25 v1.7 ifvtex legacy package. Use iftex instead.
)
\Gm@cnth=\count319
\Gm@cntv=\count320
\c@Gm@tempcnt=\count321
\Gm@bindingoffset=\dimen195
\Gm@wd@mp=\dimen196
\Gm@odd@mp=\dimen197
\Gm@even@mp=\dimen198
\Gm@layoutwidth=\dimen199
\Gm@layoutheight=\dimen256
\Gm@layouthoffset=\dimen257
\Gm@layoutvoffset=\dimen258
\Gm@dimlist=\toks31
 (C:\Users\Quang Huy Nugyen\AppData\Local\Programs\MiKTeX\tex/latex/geometry\geometry.cfg)) (C:\Users\Quang Huy Nugyen\AppData\Local\Programs\MiKTeX\tex/latex/adjustbox\adjustbox.sty
Package: adjustbox 2025/02/26 v1.3c Adjusting TeX boxes (trim, clip, ...)
 (C:\Users\Quang Huy Nugyen\AppData\Local\Programs\MiKTeX\tex/latex/adjustbox\adjcalc.sty
Package: adjcalc 2012/05/16 v1.1 Provides advanced setlength with multiple back-ends (calc, etex, pgfmath)
) (C:\Users\Quang Huy Nugyen\AppData\Local\Programs\MiKTeX\tex/latex/adjustbox\trimclip.sty
Package: trimclip 2025/02/21 v1.2a Trim and clip general TeX material
 (C:\Users\Quang Huy Nugyen\AppData\Local\Programs\MiKTeX\tex/latex/collectbox\collectbox.sty
Package: collectbox 2022/10/17 v0.4c Collect macro arguments as boxes
\collectedbox=\box67
)
\tc@llx=\dimen259
\tc@lly=\dimen260
\tc@urx=\dimen261
\tc@ury=\dimen262
Package trimclip Info: Using driver 'tc-pdftex.def'.
 (C:\Users\Quang Huy Nugyen\AppData\Local\Programs\MiKTeX\tex/latex/adjustbox\tc-pdftex.def
File: tc-pdftex.def 2025/02/26 v2.3 Clipping driver for pdftex
))
\adjbox@Width=\dimen263
\adjbox@Height=\dimen264
\adjbox@Depth=\dimen265
\adjbox@Totalheight=\dimen266
\adjbox@pwidth=\dimen267
\adjbox@pheight=\dimen268
\adjbox@pdepth=\dimen269
\adjbox@ptotalheight=\dimen270
 (C:\Users\Quang Huy Nugyen\AppData\Local\Programs\MiKTeX\tex/latex/ifoddpage\ifoddpage.sty
Package: ifoddpage 2022/10/18 v1.2 Conditionals for odd/even page detection
\c@checkoddpage=\count322
) (C:\Users\Quang Huy Nugyen\AppData\Local\Programs\MiKTeX\tex/latex/varwidth\varwidth.sty
Package: varwidth 2009/03/30 ver 0.92;  Variable-width minipages
\@vwid@box=\box68
\sift@deathcycles=\count323
\@vwid@loff=\dimen271
\@vwid@roff=\dimen272
))) (C:\Users\Quang Huy Nugyen\AppData\Local\Programs\MiKTeX\tex/latex/lipsum\lipsum.sty (C:\Users\Quang Huy Nugyen\AppData\Local\Programs\MiKTeX\tex/latex/l3packages/l3keys2e\l3keys2e.sty (C:\Users\Quang Huy Nugyen\AppData\Local\Programs\MiKTeX\tex/latex/l3kernel\expl3.sty
Package: expl3 2024-02-13 L3 programming layer (loader) 
 (C:\Users\Quang Huy Nugyen\AppData\Local\Programs\MiKTeX\tex/latex/l3backend\l3backend-pdftex.def
File: l3backend-pdftex.def 2024-01-04 L3 backend support: PDF output (pdfTeX)
\l__color_backend_stack_int=\count324
\l__pdf_internal_box=\box69
))
Package: l3keys2e 2024-02-13 LaTeX2e option processing using LaTeX3 keys
)
Package: lipsum 2021-09-20 v2.7 150 paragraphs of Lorem Ipsum dummy text
\g__lipsum_par_int=\count325
\l__lipsum_a_int=\count326
\l__lipsum_b_int=\count327
 (C:\Users\Quang Huy Nugyen\AppData\Local\Programs\MiKTeX\tex/latex/lipsum\lipsum.ltd.tex)) (C:\Users\Quang Huy Nugyen\AppData\Local\Programs\MiKTeX\tex/latex/listings\listings.sty
\lst@mode=\count328
\lst@gtempboxa=\box70
\lst@token=\toks32
\lst@length=\count329
\lst@currlwidth=\dimen273
\lst@column=\count330
\lst@pos=\count331
\lst@lostspace=\dimen274
\lst@width=\dimen275
\lst@newlines=\count332
\lst@lineno=\count333
\lst@maxwidth=\dimen276
 (C:\Users\Quang Huy Nugyen\AppData\Local\Programs\MiKTeX\tex/latex/listings\lstmisc.sty
File: lstmisc.sty 2023/02/27 1.9 (Carsten Heinz)
\c@lstnumber=\count334
\lst@skipnumbers=\count335
\lst@framebox=\box71
) (C:\Users\Quang Huy Nugyen\AppData\Local\Programs\MiKTeX\tex/latex/listings\listings.cfg
File: listings.cfg 2023/02/27 1.9 listings configuration
))
Package: listings 2023/02/27 1.9 (Carsten Heinz)
 (C:\Users\Quang Huy Nugyen\AppData\Local\Programs\MiKTeX\tex/latex/tcolorbox\tcolorbox.sty
Package: tcolorbox 2024/01/10 version 6.2.0 text color boxes
 (C:\Users\Quang Huy Nugyen\AppData\Local\Programs\MiKTeX\tex/latex/pgf/basiclayer\pgf.sty (C:\Users\Quang Huy Nugyen\AppData\Local\Programs\MiKTeX\tex/latex/pgf/utilities\pgfrcs.sty (C:\Users\Quang Huy Nugyen\AppData\Local\Programs\MiKTeX\tex/generic/pgf/utilities\pgfutil-common.tex
\pgfutil@everybye=\toks33
\pgfutil@tempdima=\dimen277
\pgfutil@tempdimb=\dimen278
) (C:\Users\Quang Huy Nugyen\AppData\Local\Programs\MiKTeX\tex/generic/pgf/utilities\pgfutil-latex.def
\pgfutil@abb=\box72
) (C:\Users\Quang Huy Nugyen\AppData\Local\Programs\MiKTeX\tex/generic/pgf/utilities\pgfrcs.code.tex (C:\Users\Quang Huy Nugyen\AppData\Local\Programs\MiKTeX\tex/generic/pgf\pgf.revision.tex)
Package: pgfrcs 2023-01-15 v3.1.10 (3.1.10)
))
Package: pgf 2023-01-15 v3.1.10 (3.1.10)
 (C:\Users\Quang Huy Nugyen\AppData\Local\Programs\MiKTeX\tex/latex/pgf/basiclayer\pgfcore.sty (C:\Users\Quang Huy Nugyen\AppData\Local\Programs\MiKTeX\tex/latex/pgf/systemlayer\pgfsys.sty (C:\Users\Quang Huy Nugyen\AppData\Local\Programs\MiKTeX\tex/generic/pgf/systemlayer\pgfsys.code.tex
Package: pgfsys 2023-01-15 v3.1.10 (3.1.10)
 (C:\Users\Quang Huy Nugyen\AppData\Local\Programs\MiKTeX\tex/generic/pgf/utilities\pgfkeys.code.tex
\pgfkeys@pathtoks=\toks34
\pgfkeys@temptoks=\toks35
 (C:\Users\Quang Huy Nugyen\AppData\Local\Programs\MiKTeX\tex/generic/pgf/utilities\pgfkeyslibraryfiltered.code.tex
\pgfkeys@tmptoks=\toks36
))
\pgf@x=\dimen279
\pgf@y=\dimen280
\pgf@xa=\dimen281
\pgf@ya=\dimen282
\pgf@xb=\dimen283
\pgf@yb=\dimen284
\pgf@xc=\dimen285
\pgf@yc=\dimen286
\pgf@xd=\dimen287
\pgf@yd=\dimen288
\w@pgf@writea=\write3
\r@pgf@reada=\read3
\c@pgf@counta=\count336
\c@pgf@countb=\count337
\c@pgf@countc=\count338
\c@pgf@countd=\count339
\t@pgf@toka=\toks37
\t@pgf@tokb=\toks38
\t@pgf@tokc=\toks39
\pgf@sys@id@count=\count340
 (C:\Users\Quang Huy Nugyen\AppData\Local\Programs\MiKTeX\tex/generic/pgf/systemlayer\pgf.cfg
File: pgf.cfg 2023-01-15 v3.1.10 (3.1.10)
)
Driver file for pgf: pgfsys-pdftex.def
 (C:\Users\Quang Huy Nugyen\AppData\Local\Programs\MiKTeX\tex/generic/pgf/systemlayer\pgfsys-pdftex.def
File: pgfsys-pdftex.def 2023-01-15 v3.1.10 (3.1.10)
 (C:\Users\Quang Huy Nugyen\AppData\Local\Programs\MiKTeX\tex/generic/pgf/systemlayer\pgfsys-common-pdf.def
File: pgfsys-common-pdf.def 2023-01-15 v3.1.10 (3.1.10)
))) (C:\Users\Quang Huy Nugyen\AppData\Local\Programs\MiKTeX\tex/generic/pgf/systemlayer\pgfsyssoftpath.code.tex
File: pgfsyssoftpath.code.tex 2023-01-15 v3.1.10 (3.1.10)
\pgfsyssoftpath@smallbuffer@items=\count341
\pgfsyssoftpath@bigbuffer@items=\count342
) (C:\Users\Quang Huy Nugyen\AppData\Local\Programs\MiKTeX\tex/generic/pgf/systemlayer\pgfsysprotocol.code.tex
File: pgfsysprotocol.code.tex 2023-01-15 v3.1.10 (3.1.10)
)) (C:\Users\Quang Huy Nugyen\AppData\Local\Programs\MiKTeX\tex/generic/pgf/basiclayer\pgfcore.code.tex
Package: pgfcore 2023-01-15 v3.1.10 (3.1.10)
 (C:\Users\Quang Huy Nugyen\AppData\Local\Programs\MiKTeX\tex/generic/pgf/math\pgfmath.code.tex (C:\Users\Quang Huy Nugyen\AppData\Local\Programs\MiKTeX\tex/generic/pgf/math\pgfmathutil.code.tex) (C:\Users\Quang Huy Nugyen\AppData\Local\Programs\MiKTeX\tex/generic/pgf/math\pgfmathparser.code.tex
\pgfmath@dimen=\dimen289
\pgfmath@count=\count343
\pgfmath@box=\box73
\pgfmath@toks=\toks40
\pgfmath@stack@operand=\toks41
\pgfmath@stack@operation=\toks42
) (C:\Users\Quang Huy Nugyen\AppData\Local\Programs\MiKTeX\tex/generic/pgf/math\pgfmathfunctions.code.tex) (C:\Users\Quang Huy Nugyen\AppData\Local\Programs\MiKTeX\tex/generic/pgf/math\pgfmathfunctions.basic.code.tex) (C:\Users\Quang Huy Nugyen\AppData\Local\Programs\MiKTeX\tex/generic/pgf/math\pgfmathfunctions.trigonometric.code.tex) (C:\Users\Quang Huy Nugyen\AppData\Local\Programs\MiKTeX\tex/generic/pgf/math\pgfmathfunctions.random.code.tex) (C:\Users\Quang Huy Nugyen\AppData\Local\Programs\MiKTeX\tex/generic/pgf/math\pgfmathfunctions.comparison.code.tex) (C:\Users\Quang Huy Nugyen\AppData\Local\Programs\MiKTeX\tex/generic/pgf/math\pgfmathfunctions.base.code.tex) (C:\Users\Quang Huy Nugyen\AppData\Local\Programs\MiKTeX\tex/generic/pgf/math\pgfmathfunctions.round.code.tex) (C:\Users\Quang Huy Nugyen\AppData\Local\Programs\MiKTeX\tex/generic/pgf/math\pgfmathfunctions.misc.code.tex) (C:\Users\Quang Huy Nugyen\AppData\Local\Programs\MiKTeX\tex/generic/pgf/math\pgfmathfunctions.integerarithmetics.code.tex) (C:\Users\Quang Huy Nugyen\AppData\Local\Programs\MiKTeX\tex/generic/pgf/math\pgfmathcalc.code.tex) (C:\Users\Quang Huy Nugyen\AppData\Local\Programs\MiKTeX\tex/generic/pgf/math\pgfmathfloat.code.tex
\c@pgfmathroundto@lastzeros=\count344
)) (C:\Users\Quang Huy Nugyen\AppData\Local\Programs\MiKTeX\tex/generic/pgf/math\pgfint.code.tex) (C:\Users\Quang Huy Nugyen\AppData\Local\Programs\MiKTeX\tex/generic/pgf/basiclayer\pgfcorepoints.code.tex
File: pgfcorepoints.code.tex 2023-01-15 v3.1.10 (3.1.10)
\pgf@picminx=\dimen290
\pgf@picmaxx=\dimen291
\pgf@picminy=\dimen292
\pgf@picmaxy=\dimen293
\pgf@pathminx=\dimen294
\pgf@pathmaxx=\dimen295
\pgf@pathminy=\dimen296
\pgf@pathmaxy=\dimen297
\pgf@xx=\dimen298
\pgf@xy=\dimen299
\pgf@yx=\dimen300
\pgf@yy=\dimen301
\pgf@zx=\dimen302
\pgf@zy=\dimen303
) (C:\Users\Quang Huy Nugyen\AppData\Local\Programs\MiKTeX\tex/generic/pgf/basiclayer\pgfcorepathconstruct.code.tex
File: pgfcorepathconstruct.code.tex 2023-01-15 v3.1.10 (3.1.10)
\pgf@path@lastx=\dimen304
\pgf@path@lasty=\dimen305
) (C:\Users\Quang Huy Nugyen\AppData\Local\Programs\MiKTeX\tex/generic/pgf/basiclayer\pgfcorepathusage.code.tex
File: pgfcorepathusage.code.tex 2023-01-15 v3.1.10 (3.1.10)
\pgf@shorten@end@additional=\dimen306
\pgf@shorten@start@additional=\dimen307
) (C:\Users\Quang Huy Nugyen\AppData\Local\Programs\MiKTeX\tex/generic/pgf/basiclayer\pgfcorescopes.code.tex
File: pgfcorescopes.code.tex 2023-01-15 v3.1.10 (3.1.10)
\pgfpic=\box74
\pgf@hbox=\box75
\pgf@layerbox@main=\box76
\pgf@picture@serial@count=\count345
) (C:\Users\Quang Huy Nugyen\AppData\Local\Programs\MiKTeX\tex/generic/pgf/basiclayer\pgfcoregraphicstate.code.tex
File: pgfcoregraphicstate.code.tex 2023-01-15 v3.1.10 (3.1.10)
\pgflinewidth=\dimen308
) (C:\Users\Quang Huy Nugyen\AppData\Local\Programs\MiKTeX\tex/generic/pgf/basiclayer\pgfcoretransformations.code.tex
File: pgfcoretransformations.code.tex 2023-01-15 v3.1.10 (3.1.10)
\pgf@pt@x=\dimen309
\pgf@pt@y=\dimen310
\pgf@pt@temp=\dimen311
) (C:\Users\Quang Huy Nugyen\AppData\Local\Programs\MiKTeX\tex/generic/pgf/basiclayer\pgfcorequick.code.tex
File: pgfcorequick.code.tex 2023-01-15 v3.1.10 (3.1.10)
) (C:\Users\Quang Huy Nugyen\AppData\Local\Programs\MiKTeX\tex/generic/pgf/basiclayer\pgfcoreobjects.code.tex
File: pgfcoreobjects.code.tex 2023-01-15 v3.1.10 (3.1.10)
) (C:\Users\Quang Huy Nugyen\AppData\Local\Programs\MiKTeX\tex/generic/pgf/basiclayer\pgfcorepathprocessing.code.tex
File: pgfcorepathprocessing.code.tex 2023-01-15 v3.1.10 (3.1.10)
) (C:\Users\Quang Huy Nugyen\AppData\Local\Programs\MiKTeX\tex/generic/pgf/basiclayer\pgfcorearrows.code.tex
File: pgfcorearrows.code.tex 2023-01-15 v3.1.10 (3.1.10)
\pgfarrowsep=\dimen312
) (C:\Users\Quang Huy Nugyen\AppData\Local\Programs\MiKTeX\tex/generic/pgf/basiclayer\pgfcoreshade.code.tex
File: pgfcoreshade.code.tex 2023-01-15 v3.1.10 (3.1.10)
\pgf@max=\dimen313
\pgf@sys@shading@range@num=\count346
\pgf@shadingcount=\count347
) (C:\Users\Quang Huy Nugyen\AppData\Local\Programs\MiKTeX\tex/generic/pgf/basiclayer\pgfcoreimage.code.tex
File: pgfcoreimage.code.tex 2023-01-15 v3.1.10 (3.1.10)
) (C:\Users\Quang Huy Nugyen\AppData\Local\Programs\MiKTeX\tex/generic/pgf/basiclayer\pgfcoreexternal.code.tex
File: pgfcoreexternal.code.tex 2023-01-15 v3.1.10 (3.1.10)
\pgfexternal@startupbox=\box77
) (C:\Users\Quang Huy Nugyen\AppData\Local\Programs\MiKTeX\tex/generic/pgf/basiclayer\pgfcorelayers.code.tex
File: pgfcorelayers.code.tex 2023-01-15 v3.1.10 (3.1.10)
) (C:\Users\Quang Huy Nugyen\AppData\Local\Programs\MiKTeX\tex/generic/pgf/basiclayer\pgfcoretransparency.code.tex
File: pgfcoretransparency.code.tex 2023-01-15 v3.1.10 (3.1.10)
) (C:\Users\Quang Huy Nugyen\AppData\Local\Programs\MiKTeX\tex/generic/pgf/basiclayer\pgfcorepatterns.code.tex
File: pgfcorepatterns.code.tex 2023-01-15 v3.1.10 (3.1.10)
) (C:\Users\Quang Huy Nugyen\AppData\Local\Programs\MiKTeX\tex/generic/pgf/basiclayer\pgfcorerdf.code.tex
File: pgfcorerdf.code.tex 2023-01-15 v3.1.10 (3.1.10)
))) (C:\Users\Quang Huy Nugyen\AppData\Local\Programs\MiKTeX\tex/generic/pgf/modules\pgfmoduleshapes.code.tex
File: pgfmoduleshapes.code.tex 2023-01-15 v3.1.10 (3.1.10)
\pgfnodeparttextbox=\box78
) (C:\Users\Quang Huy Nugyen\AppData\Local\Programs\MiKTeX\tex/generic/pgf/modules\pgfmoduleplot.code.tex
File: pgfmoduleplot.code.tex 2023-01-15 v3.1.10 (3.1.10)
) (C:\Users\Quang Huy Nugyen\AppData\Local\Programs\MiKTeX\tex/latex/pgf/compatibility\pgfcomp-version-0-65.sty
Package: pgfcomp-version-0-65 2023-01-15 v3.1.10 (3.1.10)
\pgf@nodesepstart=\dimen314
\pgf@nodesepend=\dimen315
) (C:\Users\Quang Huy Nugyen\AppData\Local\Programs\MiKTeX\tex/latex/pgf/compatibility\pgfcomp-version-1-18.sty
Package: pgfcomp-version-1-18 2023-01-15 v3.1.10 (3.1.10)
)) (C:\Users\Quang Huy Nugyen\AppData\Local\Programs\MiKTeX\tex/latex/tools\verbatim.sty
Package: verbatim 2023-11-06 v1.5v LaTeX2e package for verbatim enhancements
\every@verbatim=\toks43
\verbatim@line=\toks44
\verbatim@in@stream=\read4
) (C:\Users\Quang Huy Nugyen\AppData\Local\Programs\MiKTeX\tex/latex/environ\environ.sty
Package: environ 2014/05/04 v0.3 A new way to define environments
 (C:\Users\Quang Huy Nugyen\AppData\Local\Programs\MiKTeX\tex/latex/trimspaces\trimspaces.sty
Package: trimspaces 2009/09/17 v1.1 Trim spaces around a token list
))
\tcb@titlebox=\box79
\tcb@upperbox=\box80
\tcb@lowerbox=\box81
\tcb@phantombox=\box82
\c@tcbbreakpart=\count348
\c@tcblayer=\count349
\c@tcolorbox@number=\count350
\l__tcobox_tmpa_box=\box83
\l__tcobox_tmpa_dim=\dimen316
\tcb@temp=\box84
\tcb@temp=\box85
\tcb@temp=\box86
\tcb@temp=\box87
) (C:\Users\Quang Huy Nugyen\AppData\Local\Programs\MiKTeX\tex/latex/csquotes\csquotes.sty
Package: csquotes 2024-04-04 v5.2o context-sensitive quotations (JAW)
\csq@reset=\count351
\csq@gtype=\count352
\csq@glevel=\count353
\csq@qlevel=\count354
\csq@maxlvl=\count355
\csq@tshold=\count356
\csq@ltx@everypar=\toks45
 (C:\Users\Quang Huy Nugyen\AppData\Local\Programs\MiKTeX\tex/latex/csquotes\csquotes.def
File: csquotes.def 2024-04-04 v5.2o csquotes generic definitions (JAW)
)
Package csquotes Info: Trying to load configuration file 'csquotes.cfg'...
Package csquotes Info: ... configuration file loaded successfully.
 (C:\Users\Quang Huy Nugyen\AppData\Local\Programs\MiKTeX\tex/latex/csquotes\csquotes.cfg
File: csquotes.cfg 
))
(C:\Users\Quang Huy Nugyen\AppData\Local\Programs\MiKTeX\tex/latex/tools\tabularx.sty
Package: tabularx 2023/07/08 v2.11c `tabularx' package (DPC)
\TX@col@width=\dimen317
\TX@old@table=\dimen318
\TX@old@col=\dimen319
\TX@target=\dimen320
\TX@delta=\dimen321
\TX@cols=\count357
\TX@ftn=\toks46
)
Package csquotes Info: Checking for multilingual support...
Package csquotes Info: ... found 'babel' package.
Package csquotes Info: Adjusting default style.
Package csquotes Info: Redefining alias 'default' -> 'french'.
LaTeX Font Info:    Trying to load font information for T1+lmr on input line 34.
 (C:\Users\Quang Huy Nugyen\AppData\Local\Programs\MiKTeX\tex/latex/lm\t1lmr.fd
File: t1lmr.fd 2015/05/01 v1.6.1 Font defs for Latin Modern
)
No file main.aux.
\openout1 = `main.aux'.

LaTeX Font Info:    Checking defaults for OML/cmm/m/it on input line 34.
LaTeX Font Info:    ... okay on input line 34.
LaTeX Font Info:    Checking defaults for OMS/cmsy/m/n on input line 34.
LaTeX Font Info:    ... okay on input line 34.
LaTeX Font Info:    Checking defaults for OT1/cmr/m/n on input line 34.
LaTeX Font Info:    ... okay on input line 34.
LaTeX Font Info:    Checking defaults for T1/cmr/m/n on input line 34.
LaTeX Font Info:    ... okay on input line 34.
LaTeX Font Info:    Checking defaults for TS1/cmr/m/n on input line 34.
LaTeX Font Info:    ... okay on input line 34.
LaTeX Font Info:    Checking defaults for OMX/cmex/m/n on input line 34.
LaTeX Font Info:    ... okay on input line 34.
LaTeX Font Info:    Checking defaults for U/cmr/m/n on input line 34.
LaTeX Font Info:    ... okay on input line 34.
LaTeX Font Info:    Checking defaults for PD1/pdf/m/n on input line 34.
LaTeX Font Info:    ... okay on input line 34.
LaTeX Font Info:    Checking defaults for PU/pdf/m/n on input line 34.
LaTeX Font Info:    ... okay on input line 34.
LaTeX Info: Redefining \degres on input line 34.
(C:\Users\Quang Huy Nugyen\AppData\Local\Programs\MiKTeX\tex/latex/translations/dicts\translations-basic-dictionary-french.trsl
File: translations-basic-dictionary-french.trsl (french translation file `translations-basic-dictionary')
)
Package translations Info: loading dictionary `translations-basic-dictionary' for `french'. on input line 34.
 (C:\Users\Quang Huy Nugyen\AppData\Local\Programs\MiKTeX\tex/context/base/mkii\supp-pdf.mkii
[Loading MPS to PDF converter (version 2006.09.02).]
\scratchcounter=\count358
\scratchdimen=\dimen322
\scratchbox=\box88
\nofMPsegments=\count359
\nofMParguments=\count360
\everyMPshowfont=\toks47
\MPscratchCnt=\count361
\MPscratchDim=\dimen323
\MPnumerator=\count362
\makeMPintoPDFobject=\count363
\everyMPtoPDFconversion=\toks48
) (C:\Users\Quang Huy Nugyen\AppData\Local\Programs\MiKTeX\tex/latex/epstopdf-pkg\epstopdf-base.sty
Package: epstopdf-base 2020-01-24 v2.11 Base part for package epstopdf
Package epstopdf-base Info: Redefining graphics rule for `.eps' on input line 485.
 (C:\Users\Quang Huy Nugyen\AppData\Local\Programs\MiKTeX\tex/latex/00miktex\epstopdf-sys.cfg
File: epstopdf-sys.cfg 2021/03/18 v2.0 Configuration of epstopdf for MiKTeX
))
Package caption Info: Begin \AtBeginDocument code.
Package caption Info: hyperref package is loaded.
Package caption Info: listings package is loaded.
Package caption Info: End \AtBeginDocument code.
Package hyperref Info: Link coloring OFF on input line 34.
\@outlinefile=\write4
\openout4 = `main.out'.


*geometry* driver: auto-detecting
*geometry* detected driver: pdftex
*geometry* verbose mode - [ preamble ] result:
* driver: pdftex
* paper: <default>
* layout: <same size as paper>
* layoutoffset:(h,v)=(0.0pt,0.0pt)
* modes: 
* h-part:(L,W,R)=(71.13188pt, 455.24411pt, 71.13188pt)
* v-part:(T,H,B)=(56.9055pt, 688.5567pt, 99.58464pt)
* \paperwidth=597.50787pt
* \paperheight=845.04684pt
* \textwidth=455.24411pt
* \textheight=688.5567pt
* \oddsidemargin=-1.1381pt
* \evensidemargin=-1.1381pt
* \topmargin=-52.36449pt
* \headheight=12.0pt
* \headsep=25.0pt
* \topskip=12.0pt
* \footskip=30.0pt
* \marginparwidth=35.0pt
* \marginparsep=10.0pt
* \columnsep=10.0pt
* \skip\footins=10.8pt plus 4.0pt minus 2.0pt
* \hoffset=0.0pt
* \voffset=0.0pt
* \mag=1000
* \@twocolumnfalse
* \@twosidefalse
* \@mparswitchfalse
* \@reversemarginfalse
* (1in=72.27pt=25.4mm, 1cm=28.453pt)

\c@lstlisting=\count364
\@nomenclaturefile=\write5
\openout5 = `main.nlo'.

Package nomencl Info: Writing nomenclature file main.nlo on input line 50.
<figures/CRAN.png, id=6, 174.05025pt x 81.906pt>
File: figures/CRAN.png Graphic file (type png)
<use figures/CRAN.png>
Package pdftex.def Info: figures/CRAN.png  used on input line 51.
(pdftex.def)             Requested size: 127.47105pt x 59.98709pt.
LaTeX Font Info:    Trying to load font information for OT1+lmr on input line 51.
(C:\Users\Quang Huy Nugyen\AppData\Local\Programs\MiKTeX\tex/latex/lm\ot1lmr.fd
File: ot1lmr.fd 2015/05/01 v1.6.1 Font defs for Latin Modern
)
LaTeX Font Info:    Trying to load font information for OML+lmm on input line 51.
 (C:\Users\Quang Huy Nugyen\AppData\Local\Programs\MiKTeX\tex/latex/lm\omllmm.fd
File: omllmm.fd 2015/05/01 v1.6.1 Font defs for Latin Modern
)
LaTeX Font Info:    Trying to load font information for OMS+lmsy on input line 51.
 (C:\Users\Quang Huy Nugyen\AppData\Local\Programs\MiKTeX\tex/latex/lm\omslmsy.fd
File: omslmsy.fd 2015/05/01 v1.6.1 Font defs for Latin Modern
)
LaTeX Font Info:    Trying to load font information for OMX+lmex on input line 51.
 (C:\Users\Quang Huy Nugyen\AppData\Local\Programs\MiKTeX\tex/latex/lm\omxlmex.fd
File: omxlmex.fd 2015/05/01 v1.6.1 Font defs for Latin Modern
)
LaTeX Font Info:    External font `lmex10' loaded for size
(Font)              <12> on input line 51.
LaTeX Font Info:    External font `lmex10' loaded for size
(Font)              <8> on input line 51.
LaTeX Font Info:    External font `lmex10' loaded for size
(Font)              <6> on input line 51.
<figures/iut.jpg, id=8, 443.7378pt x 117.0774pt>
File: figures/iut.jpg Graphic file (type jpg)
<use figures/iut.jpg>
Package pdftex.def Info: figures/iut.jpg  used on input line 51.
(pdftex.def)             Requested size: 145.67644pt x 38.43556pt.
<f/fdsamu.png, id=9, 205.9695pt x 39.7485pt>
File: f/fdsamu.png Graphic file (type png)
<use f/fdsamu.png>
Package pdftex.def Info: f/fdsamu.png  used on input line 51.
(pdftex.def)             Requested size: 182.09833pt x 35.14133pt.
<f/idl.png, id=10, 124.0635pt x 36.135pt>
File: f/idl.png Graphic file (type png)
<use f/idl.png>
Package pdftex.def Info: f/idl.png  used on input line 51.
(pdftex.def)             Requested size: 145.67644pt x 42.42993pt.
 [1

{C:/Users/Quang Huy Nugyen/AppData/Local/MiKTeX/fonts/map/pdftex/pdftex.map}{C:/Users/Quang Huy Nugyen/AppData/Local/Programs/MiKTeX/fonts/enc/dvips/lm/lm-ec.enc} <./figures/CRAN.png> <./figures/iut.jpg> <./f/fdsamu.png> <./f/idl.png>]
No file main.toc.
\tf@toc=\write6
\openout6 = `main.toc'.


pdfTeX warning (ext4): destination with the same identifier (name{page.1}) has been already used, duplicate ignored
<to be read again> 
                   \relax 
l.52 \tabledematieres
                      %CrÃ©er la table de matiÃ¨res [1] [2] [3]
<f/planCRAN.png, id=39, 96.36pt x 242.40562pt>
File: f/planCRAN.png Graphic file (type png)
<use f/planCRAN.png>
Package pdftex.def Info: f/planCRAN.png  used on input line 108.
(pdftex.def)             Requested size: 122.91632pt x 309.20915pt.


LaTeX Warning: `!h' float specifier changed to `!ht'.

[4 <./f/planCRAN.png>] [5{C:/Users/Quang Huy Nugyen/AppData/Local/Programs/MiKTeX/fonts/enc/dvips/lm/lm-mathit.enc}{C:/Users/Quang Huy Nugyen/AppData/Local/Programs/MiKTeX/fonts/enc/dvips/lm/lm-rm.enc}]
<f/carla.png, id=56, 121.95563pt x 121.95563pt>
File: f/carla.png Graphic file (type png)
<use f/carla.png>
Package pdftex.def Info: f/carla.png  used on input line 184.
(pdftex.def)             Requested size: 113.81102pt x 113.81204pt.
<f/carlasim.png, id=57, 330.63525pt x 108.405pt>
File: f/carlasim.png Graphic file (type png)
<use f/carlasim.png>
Package pdftex.def Info: f/carlasim.png  used on input line 189.
(pdftex.def)             Requested size: 295.90588pt x 97.02103pt.
 [6 <./f/carla.png> <./f/carlasim.png>]
<f/quanser.png, id=70, 324.46219pt x 63.98906pt>
File: f/quanser.png Graphic file (type png)
<use f/quanser.png>
Package pdftex.def Info: f/quanser.png  used on input line 217.
(pdftex.def)             Requested size: 368.74272pt x 72.72662pt.
<f/qlabs_ex.png, id=71, 328.22626pt x 176.91093pt>
File: f/qlabs_ex.png Graphic file (type png)
<use f/qlabs_ex.png>
Package pdftex.def Info: f/qlabs_ex.png  used on input line 226.
(pdftex.def)             Requested size: 368.74272pt x 198.75165pt.
<f/qcar2.png, id=72, 260.47313pt x 176.15813pt>
File: f/qcar2.png Graphic file (type png)
<use f/qcar2.png>
Package pdftex.def Info: f/qcar2.png  used on input line 235.
(pdftex.def)             Requested size: 204.85846pt x 138.54784pt.
 [7 <./f/quanser.png> <./f/qlabs_ex.png>]
Underfull \hbox (badness 2521) in paragraph at lines 268--268
[]|\T1/lmr/m/n/12 Environnement de
 []


Underfull \hbox (badness 5726) in paragraph at lines 268--268
[]|\T1/lmr/m/n/12 Simulateur CARLA uni-que-
 []


Underfull \hbox (badness 10000) in paragraph at lines 268--268
[]|\T1/lmr/m/n/12 Interface uti-li-sa-
 []


Underfull \hbox (badness 1221) in paragraph at lines 268--268
[]|\T1/lmr/m/n/12 Scénarios si-mu-lés (au-to-route,
 []

[8 <./f/qcar2.png>] [9]
<f/context1.jpg, id=95, 455.45157pt x 78.2925pt>
File: f/context1.jpg Graphic file (type jpg)
<use f/context1.jpg>
Package pdftex.def Info: f/context1.jpg  used on input line 306.
(pdftex.def)             Requested size: 409.71692pt x 70.43152pt.
<f/context2.jpg, id=96, 426.84468pt x 255.95625pt>
File: f/context2.jpg Graphic file (type jpg)
<use f/context2.jpg>
Package pdftex.def Info: f/context2.jpg  used on input line 307.
(pdftex.def)             Requested size: 409.71692pt x 245.70348pt.

Underfull \hbox (badness 1052) in paragraph at lines 326--326
[]|\T1/lmr/m/n/12 Prise en main de QLabs et
 []


Underfull \hbox (badness 3769) in paragraph at lines 326--326
[]|\T1/lmr/m/n/12 Prise en main du vé-hi-cule
 []


Underfull \hbox (badness 4805) in paragraph at lines 326--326
[]|\T1/lmr/m/n/12 Intégration des ob-ser-va-teurs
 []


Underfull \hbox (badness 1845) in paragraph at lines 326--326
[]|\T1/lmr/m/n/12 Développement de l'in-ter-face
 []


LaTeX Warning: `!h' float specifier changed to `!ht'.

[10 <./f/context1.jpg> <./f/context2.jpg>] [11]
<f/ros2_logo.png, id=112, 188.20313pt x 54.9553pt>
File: f/ros2_logo.png Graphic file (type png)
<use f/ros2_logo.png>
Package pdftex.def Info: f/ros2_logo.png  used on input line 357.
(pdftex.def)             Requested size: 245.83264pt x 71.78818pt.
<f/ros2_comm.png, id=113, 453.19313pt x 262.73157pt>
File: f/ros2_comm.png Graphic file (type png)
<use f/ros2_comm.png>
Package pdftex.def Info: f/ros2_comm.png  used on input line 375.
(pdftex.def)             Requested size: 409.71692pt x 237.5266pt.
 [12 <./f/ros2_logo.png> <./f/ros2_comm.png>]
<f/qlabs_user_interface.png, id=124, 803.0pt x 200.75pt>
File: f/qlabs_user_interface.png Graphic file (type png)
<use f/qlabs_user_interface.png>
Package pdftex.def Info: f/qlabs_user_interface.png  used on input line 394.
(pdftex.def)             Requested size: 409.71692pt x 102.43015pt.
<f/qcar_cityscape.png, id=125, 209.3421pt x 112.0185pt>
File: f/qcar_cityscape.png Graphic file (type png)
<use f/qcar_cityscape.png>
Package pdftex.def Info: f/qcar_cityscape.png  used on input line 403.
(pdftex.def)             Requested size: 409.71692pt x 219.26756pt.
<f/qcar_plane.png, id=126, 1927.2pt x 989.6975pt>
File: f/qcar_plane.png Graphic file (type png)
<use f/qcar_plane.png>
Package pdftex.def Info: f/qcar_plane.png  used on input line 412.
(pdftex.def)             Requested size: 409.71692pt x 210.39476pt.
 [13 <./f/qlabs_user_interface.png> <./f/qcar_cityscape.png>] [14 <./f/qcar_plane.png>]
<f/qcar2schema.jpg, id=140, 1027.84pt x 425.59pt>
File: f/qcar2schema.jpg Graphic file (type jpg)
<use f/qcar2schema.jpg>
Package pdftex.def Info: f/qcar2schema.jpg  used on input line 448.
(pdftex.def)             Requested size: 368.74272pt x 152.67976pt.
LaTeX Font Info:    Trying to load font information for TS1+lmr on input line 455.
 (C:\Users\Quang Huy Nugyen\AppData\Local\Programs\MiKTeX\tex/latex/lm\ts1lmr.fd
File: ts1lmr.fd 2015/05/01 v1.6.1 Font defs for Latin Modern
) [15{C:/Users/Quang Huy Nugyen/AppData/Local/Programs/MiKTeX/fonts/enc/dvips/lm/lm-ts1.enc} <./f/qcar2schema.jpg>]
<f/docker-logo-blue.png, id=149, 2342.9934pt x 533.1117pt>
File: f/docker-logo-blue.png Graphic file (type png)
<use f/docker-logo-blue.png>
Package pdftex.def Info: f/docker-logo-blue.png  used on input line 503.
(pdftex.def)             Requested size: 368.74272pt x 83.90045pt.
 [16 <./f/docker-logo-blue.png>]
<f/Stanley2.jpg, id=157, 501.875pt x 327.2225pt>
File: f/Stanley2.jpg Graphic file (type jpg)
<use f/Stanley2.jpg>
Package pdftex.def Info: f/Stanley2.jpg  used on input line 526.
(pdftex.def)             Requested size: 368.74272pt x 240.43324pt.
 [17 <./f/Stanley2.jpg>]
LaTeX Font Info:    Trying to load font information for T1+lmtt on input line 547.
 (C:\Users\Quang Huy Nugyen\AppData\Local\Programs\MiKTeX\tex/latex/lm\t1lmtt.fd
File: t1lmtt.fd 2015/05/01 v1.6.1 Font defs for Latin Modern
) [18]
<f/occupancygrid.png, id=175, 449.42906pt x 223.58531pt>
File: f/occupancygrid.png Graphic file (type png)
<use f/occupancygrid.png>
Package pdftex.def Info: f/occupancygrid.png  used on input line 587.
(pdftex.def)             Requested size: 368.74272pt x 183.4537pt.
 [19 <./f/occupancygrid.png>]
<f/logo git.png, id=184, 590.205pt x 200.75pt>
File: f/logo git.png Graphic file (type png)
<use f/logo git.png>
Package pdftex.def Info: f/logo git.png  used on input line 630.
(pdftex.def)             Requested size: 284.52756pt x 96.77855pt.
<f/github logo.png, id=185, 562.1pt x 562.1pt>
File: f/github logo.png Graphic file (type png)
<use f/github logo.png>
Package pdftex.def Info: f/github logo.png  used on input line 635.
(pdftex.def)             Requested size: 125.18935pt x 125.18907pt.
 [20 <./f/logo git.png> <./f/github logo.png>]
<f/readme.png, id=195, 610.53094pt x 370.38374pt>
File: f/readme.png Graphic file (type png)
<use f/readme.png>
Package pdftex.def Info: f/readme.png  used on input line 666.
(pdftex.def)             Requested size: 368.74272pt x 223.70702pt.
<f/interfaceprototype.png, id=196, 1376.14125pt x 468.75125pt>
File: f/interfaceprototype.png Graphic file (type png)
<use f/interfaceprototype.png>
Package pdftex.def Info: f/interfaceprototype.png  used on input line 679.
(pdftex.def)             Requested size: 455.24411pt x 155.06746pt.
 [21 <./f/readme.png>]
<f/arch.png, id=204, 662.475pt x 140.525pt>
File: f/arch.png Graphic file (type png)
<use f/arch.png>
Package pdftex.def Info: f/arch.png  used on input line 709.
(pdftex.def)             Requested size: 409.71692pt x 86.91016pt.
 [22 <./f/interfaceprototype.png> <./f/arch.png (PNG copy)>] [23] [24] [25] [26] [27] [28]
<f/simulation_graph.png, id=269, 1332.98pt x 738.76pt>
File: f/simulation_graph.png Graphic file (type png)
<use f/simulation_graph.png>
Package pdftex.def Info: f/simulation_graph.png  used on input line 875.
(pdftex.def)             Requested size: 409.71692pt x 227.06306pt.

Overfull \hbox (27.3632pt too wide) in paragraph at lines 885--886
[]\T1/lmr/m/n/12 Construire un nou-veau image avec la com-mande : \T1/lmtt/m/n/12 docker build -t my-virtual-qcar2
 []

[29 <./f/simulation_graph.png>]
Overfull \hbox (18.43079pt too wide) in paragraph at lines 915--916
[]\T1/lmtt/m/n/12 ./scripts/run_dev.sh ---isaac_ros_dev_dir /chemin/vers/les/packages/ROS2 
 []

[30] (C:\Users\Quang Huy Nugyen\AppData\Local\Programs\MiKTeX\tex/latex/listings\lstlang1.sty
File: lstlang1.sty 2023/02/27 1.9 listings language file
)
<f/qlabs_qcar2.png, id=284, 565.11125pt x 420.57124pt>
File: f/qlabs_qcar2.png Graphic file (type png)
<use f/qlabs_qcar2.png>
Package pdftex.def Info: f/qlabs_qcar2.png  used on input line 948.
(pdftex.def)             Requested size: 409.71692pt x 304.9288pt.
 [31 <./f/qlabs_qcar2.png>]
<f/qlabs_console.png, id=303, 565.11125pt x 420.57124pt>
File: f/qlabs_console.png Graphic file (type png)
<use f/qlabs_console.png>
Package pdftex.def Info: f/qlabs_console.png  used on input line 980.
(pdftex.def)             Requested size: 409.71692pt x 304.9288pt.
 [32 <./f/qlabs_console.png>]
<f/capture_lsof.png, id=320, 1151.30125pt x 335.2525pt>
File: f/capture_lsof.png Graphic file (type png)
<use f/capture_lsof.png>
Package pdftex.def Info: f/capture_lsof.png  used on input line 1006.
(pdftex.def)             Requested size: 409.71692pt x 119.30449pt.
<f/qcarnodesgraph.png, id=321, 1519.6775pt x 967.615pt>
File: f/qcarnodesgraph.png Graphic file (type png)
<use f/qcarnodesgraph.png>
Package pdftex.def Info: f/qcarnodesgraph.png  used on input line 1035.
(pdftex.def)             Requested size: 409.71692pt x 214.84932pt.
 [33 <./f/capture_lsof.png>]
Overfull \hbox (3.5269pt too wide) in paragraph at lines 1044--1045
[]\T1/lmr/m/n/12 J'ai d'abord créé un dé-pôt Gi-tHub unique afin de cen-tra-li-ser le code. Dans le README.md,
 []

File: f/readme.png Graphic file (type png)
<use f/readme.png>
Package pdftex.def Info: f/readme.png  used on input line 1050.
(pdftex.def)             Requested size: 368.74272pt x 223.70702pt.
[34 <./f/qcarnodesgraph.png>]
LaTeX Font Info:    Font shape `T1/lmtt/bx/n' in size <12> not available
(Font)              Font shape `T1/lmtt/b/n' tried instead on input line 1075.

Overfull \hbox (5.68782pt too wide) in paragraph at lines 1079--1080
[]\T1/lmr/bx/n/12 Publication \T1/lmr/m/n/12 : es-ti-ma-tion de pose \T1/lmtt/m/n/12 PoseStamped \T1/lmr/m/n/12 (po-si-tion, ro-ta-tion) pu-bliée sur \T1/lmtt/m/n/12 /ekf_pose \T1/lmr/m/n/12 : 
 []

[35] [36]
Overfull \hbox (19.95798pt too wide) in paragraph at lines 1161--1162
[]\T1/lmr/bx/n/12 Publication \T1/lmr/m/n/12 : en-voyer des com-mandes mo-teurs (\T1/lmr/m/it/12 mo-tor\T1/lmr/m/n/12 , \T1/lmr/m/it/12 steer\T1/lmr/m/n/12 ) sur \T1/lmtt/m/n/12 /qcar2_motor_speed_cmd \T1/lmr/m/n/12 : 
 []

[37] [38]
<f/vehiclecontrolgraph.png, id=469, 1422.31375pt x 396.48125pt>
File: f/vehiclecontrolgraph.png Graphic file (type png)
<use f/vehiclecontrolgraph.png>
Package pdftex.def Info: f/vehiclecontrolgraph.png  used on input line 1278.
(pdftex.def)             Requested size: 409.71692pt x 114.20828pt.
<f/avoidobstacle.png, id=470, 1278.7775pt x 430.60875pt>
File: f/avoidobstacle.png Graphic file (type png)
<use f/avoidobstacle.png>
Package pdftex.def Info: f/avoidobstacle.png  used on input line 1295.
(pdftex.def)             Requested size: 409.71692pt x 137.96844pt.
 [39 <./f/vehiclecontrolgraph.png> <./f/avoidobstacle.png>] [40]
<f/ros-connection.png, id=495, 508.90125pt x 290.08376pt>
File: f/ros-connection.png Graphic file (type png)
<use f/ros-connection.png>
Package pdftex.def Info: f/ros-connection.png  used on input line 1369.
(pdftex.def)             Requested size: 273.14923pt x 155.70451pt.
<f/setting-connection.png, id=496, 766.865pt x 567.11874pt>
File: f/setting-connection.png Graphic file (type png)
<use f/setting-connection.png>
Package pdftex.def Info: f/setting-connection.png  used on input line 1378.
(pdftex.def)             Requested size: 273.14923pt x 201.9992pt.
 [41 <./f/ros-connection.png> <./f/setting-connection.png>]
<f/node-selection.png, id=514, 1196.47pt x 554.07pt>
File: f/node-selection.png Graphic file (type png)
<use f/node-selection.png>
Package pdftex.def Info: f/node-selection.png  used on input line 1425.
(pdftex.def)             Requested size: 455.24411pt x 210.81932pt.
 [42 <./f/node-selection.png>]
<f/parameter-update.png, id=539, 919.435pt x 550.055pt>
File: f/parameter-update.png Graphic file (type png)
<use f/parameter-update.png>
Package pdftex.def Info: f/parameter-update.png  used on input line 1447.
(pdftex.def)             Requested size: 364.19667pt x 217.88623pt.
<f/setting-node.png, id=540, 766.865pt x 567.11874pt>
File: f/setting-node.png Graphic file (type png)
<use f/setting-node.png>
Package pdftex.def Info: f/setting-node.png  used on input line 1456.
(pdftex.def)             Requested size: 364.19667pt x 215.2819pt.
 [43 <./f/parameter-update.png> <./f/setting-node.png>]
<f/message-type-selection.png, id=560, 665.48625pt x 339.2675pt>
File: f/message-type-selection.png Graphic file (type png)
<use f/message-type-selection.png>
Package pdftex.def Info: f/message-type-selection.png  used on input line 1492.
(pdftex.def)             Requested size: 364.19667pt x 185.67105pt.
<f/list-topic.png, id=561, 963.6pt x 416.55624pt>
File: f/list-topic.png Graphic file (type png)
<use f/list-topic.png>
Package pdftex.def Info: f/list-topic.png  used on input line 1501.
(pdftex.def)             Requested size: 455.24411pt x 196.79843pt.
 [44 <./f/message-type-selection.png>]
<f/topic-scan.png, id=586, 1186.4325pt x 642.4pt>
File: f/topic-scan.png Graphic file (type png)
<use f/topic-scan.png>
Package pdftex.def Info: f/topic-scan.png  used on input line 1510.
(pdftex.def)             Requested size: 455.24411pt x 246.49648pt.
<f/usecase.png, id=587, 451.6875pt x 461.725pt>
File: f/usecase.png Graphic file (type png)
<use f/usecase.png>
Package pdftex.def Info: f/usecase.png  used on input line 1519.
(pdftex.def)             Requested size: 273.14923pt x 279.23529pt.
 [45 <./f/list-topic.png> <./f/topic-scan.png>] [46 <./f/usecase.png (PNG copy)>]
<f/class-diag.png, id=602, 622.325pt x 321.2pt>
File: f/class-diag.png Graphic file (type png)
<use f/class-diag.png>
Package pdftex.def Info: f/class-diag.png  used on input line 1558.
(pdftex.def)             Requested size: 455.24411pt x 234.96416pt.
<f/topic-image.png, id=603, 1175.39125pt x 705.63625pt>
File: f/topic-image.png Graphic file (type png)
<use f/topic-image.png>
Package pdftex.def Info: f/topic-image.png  used on input line 1567.
(pdftex.def)             Requested size: 455.24411pt x 273.30202pt.
 [47 <./f/class-diag.png (PNG copy)> <./f/topic-image.png>] (main.aux)
 ***********
LaTeX2e <2023-11-01> patch level 1
L3 programming layer <2024-02-13>
 ***********


LaTeX Warning: Label(s) may have changed. Rerun to get cross-references right.


Package rerunfilecheck Warning: File `main.out' has changed.
(rerunfilecheck)                Rerun to get outlines right
(rerunfilecheck)                or use package `bookmark'.

Package rerunfilecheck Info: Checksums for `main.out':
(rerunfilecheck)             Before: <no file>
(rerunfilecheck)             After:  D0BFD55BB6A14C91BD6D7867CECA282A;9549.
 ) 
Here is how much of TeX's memory you used:
 33945 strings out of 474462
 686956 string characters out of 5737655
 2061998 words of memory out of 5000000
 55401 multiletter control sequences out of 15000+600000
 619716 words of font info for 67 fonts, out of 8000000 for 9000
 1141 hyphenation exceptions out of 8191
 125i,12n,121p,1057b,2722s stack positions out of 10000i,1000n,20000p,200000b,200000s
<C:/Users/Quang Huy Nugyen/AppData/Local/Programs/MiKTeX/fonts/type1/public/lm/lmbx12.pfb><C:/Users/Quang Huy Nugyen/AppData/Local/Programs/MiKTeX/fonts/type1/public/lm/lmcsc10.pfb><C:/Users/Quang Huy Nugyen/AppData/Local/Programs/MiKTeX/fonts/type1/public/lm/lmmi12.pfb><C:/Users/Quang Huy Nugyen/AppData/Local/Programs/MiKTeX/fonts/type1/public/lm/lmr12.pfb><C:/Users/Quang Huy Nugyen/AppData/Local/Programs/MiKTeX/fonts/type1/public/lm/lmr8.pfb><C:/Users/Quang Huy Nugyen/AppData/Local/Programs/MiKTeX/fonts/type1/public/lm/lmri12.pfb><C:/Users/Quang Huy Nugyen/AppData/Local/Programs/MiKTeX/fonts/type1/public/lm/lmro12.pfb><C:/Users/Quang Huy Nugyen/AppData/Local/Programs/MiKTeX/fonts/type1/public/lm/lmtk10.pfb><C:/Users/Quang Huy Nugyen/AppData/Local/Programs/MiKTeX/fonts/type1/public/lm/lmtt12.pfb><C:/Users/Quang Huy Nugyen/AppData/Local/Programs/MiKTeX/fonts/type1/public/lm/lmtti10.pfb>
Output written on main.pdf (48 pages, 4690099 bytes).
PDF statistics:
 734 PDF objects out of 1000 (max. 8388607)
 352 named destinations out of 1000 (max. 500000)
 245 words of extra memory for PDF output out of 10000 (max. 10000000)

